000: Error not defined, report an issue
001: Can't import internal modules
002: Can't import the app package
003: Secgenda can't find the logs route
004: Can't find flask in python
005: Can't set up a SQL connection
006: Can't load a SQL query
007: Can't create a SQL cursor
